{"level":"info","message":"Database is configured for: appointment_booking_api","timestamp":"2025-05-01 07:09:51"}
{"level":"info","message":"Database is configured for: appointment_booking_api","timestamp":"2025-05-01 07:12:57"}
{"level":"info","message":"Database is configured for: appointment_booking_api","timestamp":"2025-05-01 07:15:53"}
{"level":"info","message":"Attempting to start server on port 4000","timestamp":"2025-05-01 07:15:53"}
{"level":"info","message":"Client connected from Pool (Total count: 1)","timestamp":"2025-05-01 07:15:54"}
{"level":"info","message":"Initializing database schema...","timestamp":"2025-05-01 07:15:54"}
{"level":"info","message":"pgcrypto extension ensured","timestamp":"2025-05-01 07:15:54"}
{"level":"info","message":"Dropped all existing tables","timestamp":"2025-05-01 07:15:54"}
{"level":"info","message":"Users table has been created","timestamp":"2025-05-01 07:15:56"}
{"code":"42804","detail":"Key columns \"user_id\" and \"id\" are of incompatible types: uuid and integer.","file":"tablecmds.c","length":228,"level":"error","line":"9284","message":"Error while initializing the schema foreign key constraint \"service_providers_user_id_fkey\" cannot be implemented","name":"error","routine":"ATAddForeignKeyConstraint","severity":"ERROR","stack":"error: foreign key constraint \"service_providers_user_id_fkey\" cannot be implemented\n    at /Users/15rebaseacademy/booking-api/node_modules/pg/lib/client.js:545:17\n    at process.processTicksAndRejections (node:internal/process/task_queues:105:5)\n    at async initializeDbSchema (file:///Users/15rebaseacademy/booking-api/config/db.js:71:9)\n    at async startServer (file:///Users/15rebaseacademy/booking-api/bin/www:22:5)","timestamp":"2025-05-01 07:15:56"}
{"level":"info","message":"Database is configured for: appointment_booking_api","timestamp":"2025-05-01 07:18:02"}
{"level":"info","message":"Attempting to start server on port 4000","timestamp":"2025-05-01 07:18:02"}
{"level":"info","message":"Client connected from Pool (Total count: 1)","timestamp":"2025-05-01 07:18:03"}
{"level":"info","message":"Initializing database schema...","timestamp":"2025-05-01 07:18:03"}
{"level":"info","message":"pgcrypto extension ensured","timestamp":"2025-05-01 07:18:03"}
{"level":"info","message":"Dropped all existing tables","timestamp":"2025-05-01 07:18:03"}
{"level":"info","message":"Users table has been created","timestamp":"2025-05-01 07:18:03"}
{"level":"info","message":"service_provider table has been created","timestamp":"2025-05-01 07:18:03"}
{"level":"info","message":"time_slots table has been created","timestamp":"2025-05-01 07:18:03"}
{"level":"info","message":"appointments table has been created","timestamp":"2025-05-01 07:18:03"}
{"level":"info","message":"Indexes created","timestamp":"2025-05-01 07:18:03"}
{"level":"info","message":"Database is configured for: appointment_booking_api","timestamp":"2025-05-01 07:18:35"}
{"level":"info","message":"Attempting to start server on port 4050","timestamp":"2025-05-01 07:18:35"}
{"level":"info","message":"Client connected from Pool (Total count: 1)","timestamp":"2025-05-01 07:18:35"}
{"level":"info","message":"Initializing database schema...","timestamp":"2025-05-01 07:18:35"}
{"level":"info","message":"pgcrypto extension ensured","timestamp":"2025-05-01 07:18:35"}
{"level":"info","message":"Dropped all existing tables","timestamp":"2025-05-01 07:18:35"}
{"level":"info","message":"Users table has been created","timestamp":"2025-05-01 07:18:35"}
{"level":"info","message":"service_provider table has been created","timestamp":"2025-05-01 07:18:35"}
{"level":"info","message":"time_slots table has been created","timestamp":"2025-05-01 07:18:35"}
{"level":"info","message":"appointments table has been created","timestamp":"2025-05-01 07:18:35"}
{"level":"info","message":"Indexes created","timestamp":"2025-05-01 07:18:35"}
{"level":"info","message":"Database is configured for: appointment_booking_api","timestamp":"2025-05-01 07:35:51"}
{"level":"info","message":"Attempting to start server on port 4050","timestamp":"2025-05-01 07:35:51"}
{"level":"info","message":"Client connected from Pool (Total count: 1)","timestamp":"2025-05-01 07:35:51"}
{"level":"info","message":"Initializing database schema...","timestamp":"2025-05-01 07:35:51"}
{"level":"info","message":"pgcrypto extension ensured","timestamp":"2025-05-01 07:35:51"}
{"level":"info","message":"Dropped all existing tables","timestamp":"2025-05-01 07:35:51"}
{"level":"info","message":"Users table has been created","timestamp":"2025-05-01 07:35:51"}
{"level":"info","message":"service_provider table has been created","timestamp":"2025-05-01 07:35:51"}
{"level":"info","message":"time_slots table has been created","timestamp":"2025-05-01 07:35:51"}
{"level":"info","message":"appointments table has been created","timestamp":"2025-05-01 07:35:51"}
{"level":"info","message":"Indexes created","timestamp":"2025-05-01 07:35:51"}
{"level":"info","message":"Database is configured for: appointment_booking_api","timestamp":"2025-05-01 07:36:46"}
{"level":"info","message":"Attempting to start server on port 4050","timestamp":"2025-05-01 07:36:46"}
{"level":"info","message":"Client connected from Pool (Total count: 1)","timestamp":"2025-05-01 07:36:46"}
{"level":"info","message":"Initializing database schema...","timestamp":"2025-05-01 07:36:46"}
{"level":"info","message":"pgcrypto extension ensured","timestamp":"2025-05-01 07:36:46"}
{"level":"info","message":"Dropped all existing tables","timestamp":"2025-05-01 07:36:46"}
{"level":"info","message":"Users table has been created","timestamp":"2025-05-01 07:36:46"}
{"level":"info","message":"service_provider table has been created","timestamp":"2025-05-01 07:36:46"}
{"level":"info","message":"time_slots table has been created","timestamp":"2025-05-01 07:36:46"}
{"level":"info","message":"appointments table has been created","timestamp":"2025-05-01 07:36:46"}
{"level":"info","message":"Indexes created","timestamp":"2025-05-01 07:36:46"}
{"level":"info","message":"Client connected from Pool (Total count: 1)","timestamp":"2025-05-01 07:38:42"}
{"level":"info","message":"::ffff:127.0.0.1 - - [01/May/2025:06:38:42 +0000] \"POST /api/users/register HTTP/1.1\" 500 26 \"-\" \"insomnia/11.0.2\"","timestamp":"2025-05-01 07:38:42"}
{"level":"info","message":"Database is configured for: appointment_booking_api","timestamp":"2025-05-01 07:50:07"}
{"level":"info","message":"Attempting to start server on port 4050","timestamp":"2025-05-01 07:50:07"}
{"level":"info","message":"Client connected from Pool (Total count: 1)","timestamp":"2025-05-01 07:50:07"}
{"level":"info","message":"Initializing database schema...","timestamp":"2025-05-01 07:50:07"}
{"level":"info","message":"pgcrypto extension ensured","timestamp":"2025-05-01 07:50:07"}
{"level":"info","message":"Dropped all existing tables","timestamp":"2025-05-01 07:50:07"}
{"level":"info","message":"Users table has been created","timestamp":"2025-05-01 07:50:07"}
{"level":"info","message":"service_provider table has been created","timestamp":"2025-05-01 07:50:07"}
{"level":"info","message":"time_slots table has been created","timestamp":"2025-05-01 07:50:07"}
{"level":"info","message":"appointments table has been created","timestamp":"2025-05-01 07:50:07"}
{"level":"info","message":"Indexes created","timestamp":"2025-05-01 07:50:07"}
{"level":"info","message":"Executed query: { text: SELECT * FROM users WHERE email = $1..., params: [\"angel@gmail.com\"], duration: 4ms, rows: 0}","timestamp":"2025-05-01 07:50:14"}
{"level":"info","message":"Executed query: { text: \n      INSERT INTO users (first_name, last_name, email, password)\n      VALUES ($1, $2, $3, $4)\n    ..., params: [\"Angel\",\"Nadia\",\"angel@gmail.com\",\"$2b$10$YGs6ZaQyE.IX7im09pbJKeuABNhpKY24nXcIixOOfR4nB/JVa.VX2\"], duration: 12ms, rows: 1}","timestamp":"2025-05-01 07:50:14"}
{"level":"info","message":"::ffff:127.0.0.1 - - [01/May/2025:06:50:14 +0000] \"POST /api/users/register HTTP/1.1\" 201 161 \"-\" \"insomnia/11.0.2\"","timestamp":"2025-05-01 07:50:14"}
{"level":"info","message":"Client connected from Pool (Total count: 1)","timestamp":"2025-05-01 07:51:39"}
{"level":"info","message":"Executed query: { text: SELECT * FROM users WHERE email = $1..., params: [\"angel@gmail.com\"], duration: 553ms, rows: 1}","timestamp":"2025-05-01 07:51:39"}
{"level":"info","message":"::ffff:127.0.0.1 - - [01/May/2025:06:51:39 +0000] \"POST /api/users/login HTTP/1.1\" 200 325 \"-\" \"insomnia/11.0.2\"","timestamp":"2025-05-01 07:51:39"}
